2026-07-26 14:36:51  DEBUG     blk  Log file: output/reports/debug_20260726_143651.log
2026-07-26 14:36:51  INFO      blk.main  BLK Resume Book Builder — command: build-wells-fargo
2026-07-26 14:36:51  DEBUG     blk.main  Config: /Users/jamarimyers/Desktop/blk-sponsorship-systems/resume-book-builder/config/settings.yaml
2026-07-26 14:36:52  INFO      blk.loaders.excel_loader  Loading Excel file: /Users/jamarimyers/Desktop/blk-sponsorship-systems/resume-book-builder/input/BLK Undergraduate Audit 2026 (Responses) .xlsx (sheet=Form Link (dont edit))
2026-07-26 14:36:52  INFO      blk.loaders.excel_loader  Excel loaded: 620 rows × 46 columns.
2026-07-26 14:36:52  DEBUG     blk.loaders.excel_loader  Columns: ['Timestamp', 'First name:', 'Last name:', 'BLK ID:', 'University email:', 'Personal email:', 'Preferred email address:', 'Home City:', 'I am currently a:', 'Phone number:', 'Gender:', 'When did you join BLK?', 'When will you graduate?', 'What Region are you in?', 'Which of these major cities is within a 15-mile radius of your college/university?', 'Are you able to work in the US?', 'What is the name of the company that you interned with after your first year of college?', 'Location (City, State):', 'Industry:', 'How many offers did you receive?', "If you got another offer and you didn't take it why?", 'What is the name of the company that you interned with after your second year of college?', 'Location (City, State): 2', 'Industry: 2', 'How many offers did you receive? 2', "If you got another offer and you didn't take it why? 2", 'What is the name of the company that you interned with after your third year of college?', 'Location (City, State): 3', 'Industry: 3', 'How many offers did you receive? 3', "If you got another offer and you didn't take it why? 3", 'What company did you accept a full-time offer from after completing your undergraduate studies?', 'University/College:', 'University/College City:', 'School type:', 'Overall GPA:', 'Chosen/Expected Major:', 'When will/did you graduate?', 'Are you part of the following organizations?', 'Updated resume (pdf format):', 'As of right now, what career paths interest you most? We shall do our best to target you with associated opportunities. ', "Feel free to let us know you top firms of interest so we can keep this in mind for current and future sponsors in the region. Please indicate if the firm isn't already a sponsor.", 'Feel free to go into more detail about your career interests so we can best match you to sponsor opportunities', 'Was there any specific BLK event that assisted in your recruitment? (Conference, Spotlight Call, etc.)', 'Which position would you like to be next year?', 'What year are you filling out this audit for?']
2026-07-26 14:36:52  DEBUG     blk.loaders.column_resolver  Field 'first_name' resolved to column 'First name:'
2026-07-26 14:36:52  DEBUG     blk.loaders.column_resolver  Field 'last_name' resolved to column 'Last name:'
2026-07-26 14:36:52  DEBUG     blk.loaders.column_resolver  Field 'graduation_year' resolved to column 'When will you graduate?'
2026-07-26 14:36:52  DEBUG     blk.loaders.column_resolver  Field 'resume_link' resolved to column 'Updated resume (pdf format):'
2026-07-26 14:36:52  INFO      blk.processing.pdf_merger  Loaded 0 transition page(s) from /Users/jamarimyers/Desktop/blk-sponsorship-systems/resume-book-builder/input/transition_pages.
2026-07-26 14:36:52  WARNING   blk.main  Validation found 5 error(s) (see error report). Proceeding anyway — none of these rows are eligible for the Wells Fargo book. Run: python -m src.main validate --config config/settings.yaml for details.
2026-07-26 14:36:52  INFO      blk.processing.audit_filter  Recency filter: kept 287/620 rows with Timestamp year >= 2026.
2026-07-26 14:36:52  INFO      blk.processing.audit_filter  Dedup: dropped 20 duplicate submission(s) by 'BLK ID:' (kept latest).
2026-07-26 14:36:52  INFO      blk.main  ────────────────────────────────────────────────────────────
2026-07-26 14:36:52  INFO      blk.main  build-wells-fargo complete
2026-07-26 14:36:52  INFO      blk.main    Juniors: 0/53 resumes included
2026-07-26 14:36:52  INFO      blk.main    Seniors: 0/50 resumes included
2026-07-26 14:36:52  ERROR     blk.main  Build failed: Google authentication failed: Google credentials file not found: ../credentials.json
Download it from Google Cloud Console → Credentials → OAuth 2.0 Client IDs.
2026-07-26 14:36:52  INFO      blk.main  ────────────────────────────────────────────────────────────
